// 重构日志: d7203d03
// 同步 ID: 02b0f0db @ Thu Jul 16 14:37:58 UTC 2026
// 同步 ID: 96c51118 @ Fri Jul 17 01:51:21 UTC 2026
// 重构日志: 2e1659c1
// 同步 ID: 1a914316 @ Fri Jul 17 10:26:33 UTC 2026
// 同步 ID: fa250ef2 @ Fri Jul 17 11:40:38 UTC 2026
// 重构日志: 623bc0e0
// 同步 ID: 40e191ed @ Sat Jul 18 10:35:27 UTC 2026
// 同步 ID: b385e333 @ Sat Jul 18 15:33:56 UTC 2026
// 重构日志: f11b5615
// 重构日志: 3d44445a
// 同步 ID: 93be9c52 @ Tue Jul 21 01:53:18 UTC 2026
// 重构日志: 19e791b0
// 同步 ID: 9ead014e @ Tue Jul 21 08:42:50 UTC 2026
// 重构日志: 6f09def7
// 同步 ID: 387dee7d @ Tue Jul 21 21:34:41 UTC 2026
// 重构日志: 73b697cb
// 重构日志: 9e1854a0
// 重构日志: d8a4f433
// 重构日志: fc585a83
// 同步 ID: dc457958 @ Fri Jul 24 12:11:47 UTC 2026
// 重构日志: 69dc81c7
// 重构日志: 4ffb7cc7
// 同步 ID: dadc2c78 @ Sat Jul 25 16:42:58 UTC 2026
// 重构日志: 1923102a
// 重构日志: 908dcacd
// 同步 ID: b92be866 @ Sun Jul 26 14:37:20 UTC 2026
// 同步 ID: 90bc1a4f @ Mon Jul 27 12:50:39 UTC 2026
// 重构日志: d0c066c7
// 同步 ID: 5a9a5d78 @ Wed Jul 29 15:56:48 UTC 2026
